// Jest Snapshot v1, https://goo.gl/fbAQLP

exports[`expect to render CardList component 1`] = `
<div>
  <Card
    email="artpav@artpav.io"
    id={1}
    key="0"
    name="artpav"
  />
</div>
`;
