// Jest Snapshot v1, https://goo.gl/fbAQLP

exports[`expect to render SearchBox component 1`] = `
<div
  className="pa2"
>
  <label
    htmlFor="searchBox"
  >
    search box
  </label>
  <input
    className="pa3 ba b--green bg-lightest-blue"
    id="searchBox"
    label={true}
    placeholder="search robots"
    type="search"
  />
</div>
`;
